data/daily_sales_data.csv
,product,price,quantity,date,region,sales
20272,pink morsel,3.0,545,2020-01-31,north,1635.0
20300,pink morsel,3.0,534,2020-02-01,north,1602.0
20328,pink morsel,3.0,569,2020-02-02,north,1707.0
20356,pink morsel,3.0,516,2020-02-03,north,1548.0
20384,pink morsel,3.0,521,2020-02-04,north,1563.0
20412,pink morsel,3.0,572,2020-02-05,north,1716.0
20440,pink morsel,3.0,504,2020-02-06,north,1512.0
20468,pink morsel,3.0,594,2020-02-07,north,1782.0
20496,pink morsel,3.0,528,2020-02-08,north,1584.0
20524,pink morsel,3.0,581,2020-02-09,north,1743.0
20552,pink morsel,3.0,533,2020-02-10,north,1599.0
20580,pink morsel,3.0,597,2020-02-11,north,1791.0
20608,pink morsel,3.0,586,2020-02-12,north,1758.0
20636,pink morsel,3.0,516,2020-02-13,north,1548.0
20664,pink morsel,3.0,582,2020-02-14,north,1746.0
20692,pink morsel,3.0,568,2020-02-15,north,1704.0
20720,pink morsel,3.0,555,2020-02-16,north,1665.0
20748,pink morsel,3.0,559,2020-02-17,north,1677.0
20776,pink morsel,3.0,556,2020-02-18,north,1668.0
20804,pink morsel,3.0,517,2020-02-19,north,1551.0
20832,pink morsel,3.0,506,2020-02-20,north,1518.0
20860,pink morsel,3.0,587,2020-02-21,north,1761.0
20888,pink morsel,3.0,515,2020-02-22,north,1545.0
20916,pink morsel,3.0,546,2020-02-23,north,1638.0
20944,pink morsel,3.0,531,2020-02-24,north,1593.0
20972,pink morsel,3.0,552,2020-02-25,north,1656.0
21000,pink morsel,3.0,515,2020-02-26,north,1545.0
21028,pink morsel,3.0,566,2020-02-27,north,1698.0
21056,pink morsel,3.0,503,2020-02-28,north,1509.0
21084,pink morsel,3.0,557,2020-02-29,north,1671.0
21112,pink morsel,3.0,531,2020-03-01,north,1593.0
21140,pink morsel,3.0,503,2020-03-02,north,1509.0
21168,pink morsel,3.0,544,2020-03-03,north,1632.0
21196,pink morsel,3.0,591,2020-03-04,north,1773.0
21224,pink morsel,3.0,598,2020-03-05,north,1794.0
21252,pink morsel,3.0,541,2020-03-06,north,1623.0
21280,pink morsel,3.0,547,2020-03-07,north,1641.0
21308,pink morsel,3.0,567,2020-03-08,north,1701.0
21336,pink morsel,3.0,573,2020-03-09,north,1719.0
21364,pink morsel,3.0,548,2020-03-10,north,1644.0
21392,pink morsel,3.0,535,2020-03-11,north,1605.0
21420,pink morsel,3.0,545,2020-03-12,north,1635.0
21448,pink morsel,3.0,518,2020-03-13,north,1554.0
21476,pink morsel,3.0,554,2020-03-14,north,1662.0
21504,pink morsel,3.0,500,2020-03-15,north,1500.0
21532,pink morsel,3.0,550,2020-03-16,north,1650.0
21560,pink morsel,3.0,567,2020-03-17,north,1701.0
21588,pink morsel,3.0,522,2020-03-18,north,1566.0
21616,pink morsel,3.0,527,2020-03-19,north,1581.0
21644,pink morsel,3.0,555,2020-03-20,north,1665.0
21672,pink morsel,3.0,525,2020-03-21,north,1575.0
21700,pink morsel,3.0,548,2020-03-22,north,1644.0
21728,pink morsel,3.0,589,2020-03-23,north,1767.0
21756,pink morsel,3.0,516,2020-03-24,north,1548.0
21784,pink morsel,3.0,593,2020-03-25,north,1779.0
21812,pink morsel,3.0,595,2020-03-26,north,1785.0
21840,pink morsel,3.0,571,2020-03-27,north,1713.0
21868,pink morsel,3.0,523,2020-03-28,north,1569.0
21896,pink morsel,3.0,594,2020-03-29,north,1782.0
21924,pink morsel,3.0,505,2020-03-30,north,1515.0
21952,pink morsel,3.0,598,2020-03-31,north,1794.0
21980,pink morsel,3.0,519,2020-04-01,north,1557.0
22008,pink morsel,3.0,593,2020-04-02,north,1779.0
22036,pink morsel,3.0,589,2020-04-03,north,1767.0
22064,pink morsel,3.0,577,2020-04-04,north,1731.0
22092,pink morsel,3.0,599,2020-04-05,north,1797.0
22120,pink morsel,3.0,584,2020-04-06,north,1752.0
22148,pink morsel,3.0,584,2020-04-07,north,1752.0
22176,pink morsel,3.0,537,2020-04-08,north,1611.0
22204,pink morsel,3.0,550,2020-04-09,north,1650.0
22232,pink morsel,3.0,598,2020-04-10,north,1794.0
22260,pink morsel,3.0,553,2020-04-11,north,1659.0
22288,pink morsel,3.0,574,2020-04-12,north,1722.0
22316,pink morsel,3.0,516,2020-04-13,north,1548.0
22344,pink morsel,3.0,507,2020-04-14,north,1521.0
22372,pink morsel,3.0,600,2020-04-15,north,1800.0
22400,pink morsel,3.0,568,2020-04-16,north,1704.0
22428,pink morsel,3.0,578,2020-04-17,north,1734.0
22456,pink morsel,3.0,541,2020-04-18,north,1623.0
22484,pink morsel,3.0,587,2020-04-19,north,1761.0
22512,pink morsel,3.0,555,2020-04-20,north,1665.0
22540,pink morsel,3.0,585,2020-04-21,north,1755.0
22568,pink morsel,3.0,538,2020-04-22,north,1614.0
22596,pink morsel,3.0,588,2020-04-23,north,1764.0
22624,pink morsel,3.0,572,2020-04-24,north,1716.0
22652,pink morsel,3.0,546,2020-04-25,north,1638.0
22680,pink morsel,3.0,504,2020-04-26,north,1512.0
22708,pink morsel,3.0,510,2020-04-27,north,1530.0
22736,pink morsel,3.0,596,2020-04-28,north,1788.0
22764,pink morsel,3.0,560,2020-04-29,north,1680.0
22792,pink morsel,3.0,593,2020-04-30,north,1779.0
22820,pink morsel,3.0,585,2020-05-01,north,1755.0
22848,pink morsel,3.0,529,2020-05-02,north,1587.0
22876,pink morsel,3.0,560,2020-05-03,north,1680.0
22904,pink morsel,3.0,523,2020-05-04,north,1569.0
22932,pink morsel,3.0,529,2020-05-05,north,1587.0
22960,pink morsel,3.0,507,2020-05-06,north,1521.0
22988,pink morsel,3.0,519,2020-05-07,north,1557.0
23016,pink morsel,3.0,560,2020-05-08,north,1680.0
23044,pink morsel,3.0,558,2020-05-09,north,1674.0
23072,pink morsel,3.0,541,2020-05-10,north,1623.0
23100,pink morsel,3.0,558,2020-05-11,north,1674.0
23128,pink morsel,3.0,500,2020-05-12,north,1500.0
23156,pink morsel,3.0,589,2020-05-13,north,1767.0
23184,pink morsel,3.0,552,2020-05-14,north,1656.0
23212,pink morsel,3.0,511,2020-05-15,north,1533.0
23240,pink morsel,3.0,589,2020-05-16,north,1767.0
23268,pink morsel,3.0,522,2020-05-17,north,1566.0
23296,pink morsel,3.0,546,2020-05-18,north,1638.0
23324,pink morsel,3.0,547,2020-05-19,north,1641.0
23352,pink morsel,3.0,525,2020-05-20,north,1575.0
23380,pink morsel,3.0,529,2020-05-21,north,1587.0
23408,pink morsel,3.0,514,2020-05-22,north,1542.0
23436,pink morsel,3.0,540,2020-05-23,north,1620.0
23464,pink morsel,3.0,591,2020-05-24,north,1773.0
23492,pink morsel,3.0,512,2020-05-25,north,1536.0
23520,pink morsel,3.0,515,2020-05-26,north,1545.0
23548,pink morsel,3.0,521,2020-05-27,north,1563.0
23576,pink morsel,3.0,527,2020-05-28,north,1581.0
23604,pink morsel,3.0,574,2020-05-29,north,1722.0
23632,pink morsel,3.0,533,2020-05-30,north,1599.0
23660,pink morsel,3.0,522,2020-05-31,north,1566.0
23688,pink morsel,3.0,584,2020-06-01,north,1752.0
23716,pink morsel,3.0,559,2020-06-02,north,1677.0
23744,pink morsel,3.0,594,2020-06-03,north,1782.0
23772,pink morsel,3.0,548,2020-06-04,north,1644.0
23800,pink morsel,3.0,529,2020-06-05,north,1587.0
23828,pink morsel,3.0,561,2020-06-06,north,1683.0
23856,pink morsel,3.0,540,2020-06-07,north,1620.0
23884,pink morsel,3.0,509,2020-06-08,north,1527.0
23912,pink morsel,3.0,501,2020-06-09,north,1503.0
23940,pink morsel,3.0,587,2020-06-10,north,1761.0
23968,pink morsel,3.0,530,2020-06-11,north,1590.0
23996,pink morsel,3.0,504,2020-06-12,north,1512.0
24024,pink morsel,3.0,527,2020-06-13,north,1581.0
24052,pink morsel,3.0,578,2020-06-14,north,1734.0
24080,pink morsel,3.0,514,2020-06-15,north,1542.0
24108,pink morsel,3.0,556,2020-06-16,north,1668.0
24136,pink morsel,3.0,518,2020-06-17,north,1554.0
24164,pink morsel,3.0,537,2020-06-18,north,1611.0
24192,pink morsel,3.0,600,2020-06-19,north,1800.0
24220,pink morsel,3.0,549,2020-06-20,north,1647.0
24248,pink morsel,3.0,585,2020-06-21,north,1755.0
24276,pink morsel,3.0,587,2020-06-22,north,1761.0
24304,pink morsel,3.0,589,2020-06-23,north,1767.0
24332,pink morsel,3.0,539,2020-06-24,north,1617.0
24360,pink morsel,3.0,501,2020-06-25,north,1503.0
24388,pink morsel,3.0,569,2020-06-26,north,1707.0
24416,pink morsel,3.0,548,2020-06-27,north,1644.0
24444,pink morsel,3.0,536,2020-06-28,north,1608.0
24472,pink morsel,3.0,574,2020-06-29,north,1722.0
24500,pink morsel,3.0,598,2020-06-30,north,1794.0
24528,pink morsel,3.0,544,2020-07-01,north,1632.0
24556,pink morsel,3.0,578,2020-07-02,north,1734.0
24584,pink morsel,3.0,565,2020-07-03,north,1695.0
24612,pink morsel,3.0,579,2020-07-04,north,1737.0
24640,pink morsel,3.0,596,2020-07-05,north,1788.0
24668,pink morsel,3.0,516,2020-07-06,north,1548.0
24696,pink morsel,3.0,500,2020-07-07,north,1500.0
24724,pink morsel,3.0,521,2020-07-08,north,1563.0
24752,pink morsel,3.0,596,2020-07-09,north,1788.0
24780,pink morsel,3.0,529,2020-07-10,north,1587.0
24808,pink morsel,3.0,500,2020-07-11,north,1500.0
24836,pink morsel,3.0,582,2020-07-12,north,1746.0
24864,pink morsel,3.0,560,2020-07-13,north,1680.0
24892,pink morsel,3.0,519,2020-07-14,north,1557.0
24920,pink morsel,3.0,514,2020-07-15,north,1542.0
24948,pink morsel,3.0,505,2020-07-16,north,1515.0
24976,pink morsel,3.0,598,2020-07-17,north,1794.0
25004,pink morsel,3.0,541,2020-07-18,north,1623.0
25032,pink morsel,3.0,538,2020-07-19,north,1614.0
25060,pink morsel,3.0,599,2020-07-20,north,1797.0
25088,pink morsel,3.0,524,2020-07-21,north,1572.0
25116,pink morsel,3.0,556,2020-07-22,north,1668.0
25144,pink morsel,3.0,564,2020-07-23,north,1692.0
25172,pink morsel,3.0,510,2020-07-24,north,1530.0
25200,pink morsel,3.0,598,2020-07-25,north,1794.0
25228,pink morsel,3.0,523,2020-07-26,north,1569.0
25256,pink morsel,3.0,534,2020-07-27,north,1602.0
25284,pink morsel,3.0,600,2020-07-28,north,1800.0
25312,pink morsel,3.0,511,2020-07-29,north,1533.0
25340,pink morsel,3.0,574,2020-07-30,north,1722.0
25368,pink morsel,3.0,509,2020-07-31,north,1527.0
25396,pink morsel,3.0,596,2020-08-01,north,1788.0
25424,pink morsel,3.0,552,2020-08-02,north,1656.0
25452,pink morsel,3.0,555,2020-08-03,north,1665.0
25480,pink morsel,3.0,513,2020-08-04,north,1539.0
25508,pink morsel,3.0,583,2020-08-05,north,1749.0
25536,pink morsel,3.0,590,2020-08-06,north,1770.0
25564,pink morsel,3.0,580,2020-08-07,north,1740.0
25592,pink morsel,3.0,576,2020-08-08,north,1728.0
25620,pink morsel,3.0,539,2020-08-09,north,1617.0
25648,pink morsel,3.0,515,2020-08-10,north,1545.0
25676,pink morsel,3.0,544,2020-08-11,north,1632.0
25704,pink morsel,3.0,579,2020-08-12,north,1737.0
25732,pink morsel,3.0,500,2020-08-13,north,1500.0
25760,pink morsel,3.0,514,2020-08-14,north,1542.0
25788,pink morsel,3.0,580,2020-08-15,north,1740.0
25816,pink morsel,3.0,583,2020-08-16,north,1749.0
25844,pink morsel,3.0,518,2020-08-17,north,1554.0
25872,pink morsel,3.0,587,2020-08-18,north,1761.0
25900,pink morsel,3.0,554,2020-08-19,north,1662.0
25928,pink morsel,3.0,562,2020-08-20,north,1686.0
25956,pink morsel,3.0,519,2020-08-21,north,1557.0
25984,pink morsel,3.0,521,2020-08-22,north,1563.0
26012,pink morsel,3.0,572,2020-08-23,north,1716.0
26040,pink morsel,3.0,595,2020-08-24,north,1785.0
26068,pink morsel,3.0,515,2020-08-25,north,1545.0
26096,pink morsel,3.0,511,2020-08-26,north,1533.0
26124,pink morsel,3.0,587,2020-08-27,north,1761.0
26152,pink morsel,3.0,596,2020-08-28,north,1788.0
26180,pink morsel,3.0,566,2020-08-29,north,1698.0
26208,pink morsel,3.0,600,2020-08-30,north,1800.0
26236,pink morsel,3.0,599,2020-08-31,north,1797.0
26264,pink morsel,3.0,599,2020-09-01,north,1797.0
26292,pink morsel,3.0,579,2020-09-02,north,1737.0
26320,pink morsel,3.0,525,2020-09-03,north,1575.0
26348,pink morsel,3.0,511,2020-09-04,north,1533.0
26376,pink morsel,3.0,540,2020-09-05,north,1620.0
26404,pink morsel,3.0,546,2020-09-06,north,1638.0
26432,pink morsel,3.0,503,2020-09-07,north,1509.0
26460,pink morsel,3.0,570,2020-09-08,north,1710.0
26488,pink morsel,3.0,526,2020-09-09,north,1578.0
26516,pink morsel,3.0,554,2020-09-10,north,1662.0
26544,pink morsel,3.0,588,2020-09-11,north,1764.0
26572,pink morsel,3.0,534,2020-09-12,north,1602.0
26600,pink morsel,3.0,501,2020-09-13,north,1503.0
26628,pink morsel,3.0,549,2020-09-14,north,1647.0
26656,pink morsel,3.0,514,2020-09-15,north,1542.0
26684,pink morsel,3.0,530,2020-09-16,north,1590.0
26712,pink morsel,3.0,537,2020-09-17,north,1611.0
26740,pink morsel,3.0,588,2020-09-18,north,1764.0
26768,pink morsel,3.0,564,2020-09-19,north,1692.0
26796,pink morsel,3.0,541,2020-09-20,north,1623.0
26824,pink morsel,3.0,592,2020-09-21,north,1776.0
26852,pink morsel,3.0,592,2020-09-22,north,1776.0
26880,pink morsel,3.0,502,2020-09-23,north,1506.0
26908,pink morsel,3.0,509,2020-09-24,north,1527.0
26936,pink morsel,3.0,511,2020-09-25,north,1533.0
26964,pink morsel,3.0,512,2020-09-26,north,1536.0
26992,pink morsel,3.0,579,2020-09-27,north,1737.0
27020,pink morsel,3.0,557,2020-09-28,north,1671.0
27048,pink morsel,3.0,558,2020-09-29,north,1674.0
27076,pink morsel,3.0,538,2020-09-30,north,1614.0
27104,pink morsel,3.0,538,2020-10-01,north,1614.0
27132,pink morsel,3.0,563,2020-10-02,north,1689.0
27160,pink morsel,3.0,505,2020-10-03,north,1515.0
27188,pink morsel,3.0,508,2020-10-04,north,1524.0
27216,pink morsel,3.0,591,2020-10-05,north,1773.0
27244,pink morsel,3.0,596,2020-10-06,north,1788.0
27272,pink morsel,3.0,518,2020-10-07,north,1554.0
27300,pink morsel,3.0,598,2020-10-08,north,1794.0
27328,pink morsel,3.0,512,2020-10-09,north,1536.0
27356,pink morsel,3.0,531,2020-10-10,north,1593.0
27384,pink morsel,3.0,523,2020-10-11,north,1569.0
27412,pink morsel,3.0,559,2020-10-12,north,1677.0
27440,pink morsel,3.0,526,2020-10-13,north,1578.0
27468,pink morsel,3.0,560,2020-10-14,north,1680.0
27496,pink morsel,3.0,506,2020-10-15,north,1518.0
27524,pink morsel,3.0,546,2020-10-16,north,1638.0
27552,pink morsel,3.0,503,2020-10-17,north,1509.0
27580,pink morsel,3.0,508,2020-10-18,north,1524.0
27608,pink morsel,3.0,552,2020-10-19,north,1656.0
27636,pink morsel,3.0,523,2020-10-20,north,1569.0
27664,pink morsel,3.0,580,2020-10-21,north,1740.0
27692,pink morsel,3.0,583,2020-10-22,north,1749.0
27720,pink morsel,3.0,545,2020-10-23,north,1635.0
27748,pink morsel,3.0,579,2020-10-24,north,1737.0
27776,pink morsel,3.0,563,2020-10-25,north,1689.0
27804,pink morsel,3.0,582,2020-10-26,north,1746.0
27832,pink morsel,3.0,527,2020-10-27,north,1581.0
27860,pink morsel,3.0,582,2020-10-28,north,1746.0
27888,pink morsel,3.0,590,2020-10-29,north,1770.0
27916,pink morsel,3.0,591,2020-10-30,north,1773.0
27944,pink morsel,3.0,527,2020-10-31,north,1581.0
27972,pink morsel,3.0,555,2020-11-01,north,1665.0
28000,pink morsel,3.0,578,2020-11-02,north,1734.0
28028,pink morsel,3.0,517,2020-11-03,north,1551.0
28056,pink morsel,3.0,591,2020-11-04,north,1773.0
28084,pink morsel,3.0,548,2020-11-05,north,1644.0
28112,pink morsel,3.0,575,2020-11-06,north,1725.0
28140,pink morsel,3.0,551,2020-11-07,north,1653.0
28168,pink morsel,3.0,595,2020-11-08,north,1785.0
28196,pink morsel,3.0,596,2020-11-09,north,1788.0
28224,pink morsel,3.0,546,2020-11-10,north,1638.0
28252,pink morsel,3.0,565,2020-11-11,north,1695.0
28280,pink morsel,3.0,571,2020-11-12,north,1713.0
28308,pink morsel,3.0,527,2020-11-13,north,1581.0
28336,pink morsel,3.0,583,2020-11-14,north,1749.0
28364,pink morsel,3.0,562,2020-11-15,north,1686.0
28392,pink morsel,3.0,591,2020-11-16,north,1773.0
28420,pink morsel,3.0,562,2020-11-17,north,1686.0
28448,pink morsel,3.0,566,2020-11-18,north,1698.0
28476,pink morsel,3.0,522,2020-11-19,north,1566.0
28504,pink morsel,3.0,561,2020-11-20,north,1683.0
28532,pink morsel,3.0,531,2020-11-21,north,1593.0
28560,pink morsel,3.0,532,2020-11-22,north,1596.0
28588,pink morsel,3.0,589,2020-11-23,north,1767.0
28616,pink morsel,3.0,534,2020-11-24,north,1602.0
28644,pink morsel,3.0,575,2020-11-25,north,1725.0
28672,pink morsel,3.0,590,2020-11-26,north,1770.0
28700,pink morsel,3.0,544,2020-11-27,north,1632.0
28728,pink morsel,3.0,582,2020-11-28,north,1746.0
28756,pink morsel,3.0,586,2020-11-29,north,1758.0
28784,pink morsel,3.0,545,2020-11-30,north,1635.0
28812,pink morsel,3.0,529,2020-12-01,north,1587.0
28840,pink morsel,3.0,518,2020-12-02,north,1554.0
28868,pink morsel,3.0,524,2020-12-03,north,1572.0
28896,pink morsel,3.0,546,2020-12-04,north,1638.0
28924,pink morsel,3.0,569,2020-12-05,north,1707.0
28952,pink morsel,3.0,520,2020-12-06,north,1560.0
28980,pink morsel,3.0,503,2020-12-07,north,1509.0
29008,pink morsel,3.0,562,2020-12-08,north,1686.0
29036,pink morsel,3.0,596,2020-12-09,north,1788.0
29064,pink morsel,3.0,540,2020-12-10,north,1620.0
29092,pink morsel,3.0,501,2020-12-11,north,1503.0
29120,pink morsel,3.0,543,2020-12-12,north,1629.0
29148,pink morsel,3.0,550,2020-12-13,north,1650.0
29176,pink morsel,3.0,582,2020-12-14,north,1746.0
29204,pink morsel,3.0,595,2020-12-15,north,1785.0
29232,pink morsel,3.0,593,2020-12-16,north,1779.0
29260,pink morsel,3.0,502,2020-12-17,north,1506.0
29288,pink morsel,3.0,545,2020-12-18,north,1635.0
29316,pink morsel,3.0,573,2020-12-19,north,1719.0
29344,pink morsel,3.0,569,2020-12-20,north,1707.0
29372,pink morsel,3.0,525,2020-12-21,north,1575.0
29400,pink morsel,3.0,506,2020-12-22,north,1518.0
29428,pink morsel,3.0,559,2020-12-23,north,1677.0
29456,pink morsel,3.0,575,2020-12-24,north,1725.0
29484,pink morsel,3.0,594,2020-12-25,north,1782.0
29512,pink morsel,3.0,518,2020-12-26,north,1554.0
29540,pink morsel,3.0,590,2020-12-27,north,1770.0
29568,pink morsel,3.0,575,2020-12-28,north,1725.0
29596,pink morsel,3.0,506,2020-12-29,north,1518.0
29624,pink morsel,3.0,508,2020-12-30,north,1524.0
29652,pink morsel,3.0,580,2020-12-31,north,1740.0
29680,pink morsel,3.0,512,2021-01-01,north,1536.0
29708,pink morsel,3.0,598,2021-01-02,north,1794.0
29736,pink morsel,3.0,586,2021-01-03,north,1758.0
29764,pink morsel,3.0,530,2021-01-04,north,1590.0
29792,pink morsel,3.0,512,2021-01-05,north,1536.0
29820,pink morsel,3.0,581,2021-01-06,north,1743.0
29848,pink morsel,3.0,572,2021-01-07,north,1716.0
29876,pink morsel,3.0,554,2021-01-08,north,1662.0
29904,pink morsel,3.0,521,2021-01-09,north,1563.0
29932,pink morsel,3.0,577,2021-01-10,north,1731.0
29960,pink morsel,3.0,580,2021-01-11,north,1740.0
29988,pink morsel,3.0,538,2021-01-12,north,1614.0
30016,pink morsel,3.0,515,2021-01-13,north,1545.0
30044,pink morsel,3.0,567,2021-01-14,north,1701.0
30072,pink morsel,5.0,405,2021-01-15,north,2025.0
30100,pink morsel,5.0,422,2021-01-16,north,2110.0
30128,pink morsel,5.0,495,2021-01-17,north,2475.0
30156,pink morsel,5.0,410,2021-01-18,north,2050.0
30184,pink morsel,5.0,467,2021-01-19,north,2335.0
30212,pink morsel,5.0,483,2021-01-20,north,2415.0
30240,pink morsel,5.0,418,2021-01-21,north,2090.0
30268,pink morsel,5.0,492,2021-01-22,north,2460.0
