data/daily_sales_data.csv
,product,price,quantity,date,region,sales
29485,pink morsel,3.0,519,2020-12-25,south,1557.0
29513,pink morsel,3.0,550,2020-12-26,south,1650.0
29541,pink morsel,3.0,578,2020-12-27,south,1734.0
29569,pink morsel,3.0,512,2020-12-28,south,1536.0
29597,pink morsel,3.0,559,2020-12-29,south,1677.0
29625,pink morsel,3.0,510,2020-12-30,south,1530.0
29653,pink morsel,3.0,566,2020-12-31,south,1698.0
29681,pink morsel,3.0,514,2021-01-01,south,1542.0
29709,pink morsel,3.0,540,2021-01-02,south,1620.0
29737,pink morsel,3.0,526,2021-01-03,south,1578.0
29765,pink morsel,3.0,595,2021-01-04,south,1785.0
29793,pink morsel,3.0,526,2021-01-05,south,1578.0
29821,pink morsel,3.0,581,2021-01-06,south,1743.0
29849,pink morsel,3.0,534,2021-01-07,south,1602.0
29877,pink morsel,3.0,556,2021-01-08,south,1668.0
29905,pink morsel,3.0,549,2021-01-09,south,1647.0
29933,pink morsel,3.0,536,2021-01-10,south,1608.0
29961,pink morsel,3.0,537,2021-01-11,south,1611.0
29989,pink morsel,3.0,524,2021-01-12,south,1572.0
30017,pink morsel,3.0,514,2021-01-13,south,1542.0
30045,pink morsel,3.0,559,2021-01-14,south,1677.0
30073,pink morsel,5.0,439,2021-01-15,south,2195.0
30101,pink morsel,5.0,429,2021-01-16,south,2145.0
30129,pink morsel,5.0,464,2021-01-17,south,2320.0
30157,pink morsel,5.0,482,2021-01-18,south,2410.0
30185,pink morsel,5.0,421,2021-01-19,south,2105.0
30213,pink morsel,5.0,499,2021-01-20,south,2495.0
30241,pink morsel,5.0,429,2021-01-21,south,2145.0
30269,pink morsel,5.0,446,2021-01-22,south,2230.0
30297,pink morsel,5.0,417,2021-01-23,south,2085.0
30325,pink morsel,5.0,489,2021-01-24,south,2445.0
30353,pink morsel,5.0,429,2021-01-25,south,2145.0
30381,pink morsel,5.0,456,2021-01-26,south,2280.0
30409,pink morsel,5.0,402,2021-01-27,south,2010.0
30437,pink morsel,5.0,462,2021-01-28,south,2310.0
30465,pink morsel,5.0,439,2021-01-29,south,2195.0
30493,pink morsel,5.0,458,2021-01-30,south,2290.0
30521,pink morsel,5.0,452,2021-01-31,south,2260.0
30549,pink morsel,5.0,436,2021-02-01,south,2180.0
30577,pink morsel,5.0,420,2021-02-02,south,2100.0
30605,pink morsel,5.0,471,2021-02-03,south,2355.0
30633,pink morsel,5.0,461,2021-02-04,south,2305.0
30661,pink morsel,5.0,459,2021-02-05,south,2295.0
30689,pink morsel,5.0,481,2021-02-06,south,2405.0
30717,pink morsel,5.0,413,2021-02-07,south,2065.0
30745,pink morsel,5.0,469,2021-02-08,south,2345.0
30773,pink morsel,5.0,469,2021-02-09,south,2345.0
30801,pink morsel,5.0,407,2021-02-10,south,2035.0
30829,pink morsel,5.0,470,2021-02-11,south,2350.0
30857,pink morsel,5.0,446,2021-02-12,south,2230.0
30885,pink morsel,5.0,493,2021-02-13,south,2465.0
30913,pink morsel,5.0,448,2021-02-14,south,2240.0
30941,pink morsel,5.0,465,2021-02-15,south,2325.0
30969,pink morsel,5.0,450,2021-02-16,south,2250.0
30997,pink morsel,5.0,426,2021-02-17,south,2130.0
31025,pink morsel,5.0,425,2021-02-18,south,2125.0
31053,pink morsel,5.0,485,2021-02-19,south,2425.0
31081,pink morsel,5.0,421,2021-02-20,south,2105.0
31109,pink morsel,5.0,408,2021-02-21,south,2040.0
31137,pink morsel,5.0,410,2021-02-22,south,2050.0
31165,pink morsel,5.0,474,2021-02-23,south,2370.0
31193,pink morsel,5.0,484,2021-02-24,south,2420.0
31221,pink morsel,5.0,413,2021-02-25,south,2065.0
31249,pink morsel,5.0,470,2021-02-26,south,2350.0
31277,pink morsel,5.0,461,2021-02-27,south,2305.0
31305,pink morsel,5.0,431,2021-02-28,south,2155.0
31333,pink morsel,5.0,486,2021-03-01,south,2430.0
31361,pink morsel,5.0,460,2021-03-02,south,2300.0
31389,pink morsel,5.0,400,2021-03-03,south,2000.0
31417,pink morsel,5.0,467,2021-03-04,south,2335.0
31445,pink morsel,5.0,468,2021-03-05,south,2340.0
31473,pink morsel,5.0,438,2021-03-06,south,2190.0
31501,pink morsel,5.0,405,2021-03-07,south,2025.0
31529,pink morsel,5.0,419,2021-03-08,south,2095.0
31557,pink morsel,5.0,400,2021-03-09,south,2000.0
31585,pink morsel,5.0,464,2021-03-10,south,2320.0
31613,pink morsel,5.0,482,2021-03-11,south,2410.0
31641,pink morsel,5.0,462,2021-03-12,south,2310.0
31669,pink morsel,5.0,433,2021-03-13,south,2165.0
31697,pink morsel,5.0,473,2021-03-14,south,2365.0
31725,pink morsel,5.0,489,2021-03-15,south,2445.0
31753,pink morsel,5.0,500,2021-03-16,south,2500.0
31781,pink morsel,5.0,465,2021-03-17,south,2325.0
31809,pink morsel,5.0,404,2021-03-18,south,2020.0
31837,pink morsel,5.0,499,2021-03-19,south,2495.0
31865,pink morsel,5.0,472,2021-03-20,south,2360.0
31893,pink morsel,5.0,406,2021-03-21,south,2030.0
31921,pink morsel,5.0,406,2021-03-22,south,2030.0
31949,pink morsel,5.0,448,2021-03-23,south,2240.0
31977,pink morsel,5.0,415,2021-03-24,south,2075.0
32005,pink morsel,5.0,411,2021-03-25,south,2055.0
32033,pink morsel,5.0,465,2021-03-26,south,2325.0
32061,pink morsel,5.0,435,2021-03-27,south,2175.0
32089,pink morsel,5.0,414,2021-03-28,south,2070.0
32117,pink morsel,5.0,401,2021-03-29,south,2005.0
32145,pink morsel,5.0,478,2021-03-30,south,2390.0
32173,pink morsel,5.0,427,2021-03-31,south,2135.0
32201,pink morsel,5.0,400,2021-04-01,south,2000.0
32229,pink morsel,5.0,420,2021-04-02,south,2100.0
32257,pink morsel,5.0,401,2021-04-03,south,2005.0
32285,pink morsel,5.0,491,2021-04-04,south,2455.0
32313,pink morsel,5.0,483,2021-04-05,south,2415.0
32341,pink morsel,5.0,487,2021-04-06,south,2435.0
32369,pink morsel,5.0,425,2021-04-07,south,2125.0
32397,pink morsel,5.0,410,2021-04-08,south,2050.0
32425,pink morsel,5.0,468,2021-04-09,south,2340.0
32453,pink morsel,5.0,451,2021-04-10,south,2255.0
32481,pink morsel,5.0,471,2021-04-11,south,2355.0
32509,pink morsel,5.0,463,2021-04-12,south,2315.0
32537,pink morsel,5.0,476,2021-04-13,south,2380.0
32565,pink morsel,5.0,474,2021-04-14,south,2370.0
32593,pink morsel,5.0,455,2021-04-15,south,2275.0
32621,pink morsel,5.0,483,2021-04-16,south,2415.0
32649,pink morsel,5.0,450,2021-04-17,south,2250.0
32677,pink morsel,5.0,443,2021-04-18,south,2215.0
32705,pink morsel,5.0,423,2021-04-19,south,2115.0
32733,pink morsel,5.0,423,2021-04-20,south,2115.0
32761,pink morsel,5.0,439,2021-04-21,south,2195.0
32789,pink morsel,5.0,439,2021-04-22,south,2195.0
32817,pink morsel,5.0,413,2021-04-23,south,2065.0
32845,pink morsel,5.0,426,2021-04-24,south,2130.0
32873,pink morsel,5.0,475,2021-04-25,south,2375.0
32901,pink morsel,5.0,459,2021-04-26,south,2295.0
32929,pink morsel,5.0,402,2021-04-27,south,2010.0
32957,pink morsel,5.0,446,2021-04-28,south,2230.0
32985,pink morsel,5.0,413,2021-04-29,south,2065.0
33013,pink morsel,5.0,487,2021-04-30,south,2435.0
33041,pink morsel,5.0,433,2021-05-01,south,2165.0
33069,pink morsel,5.0,429,2021-05-02,south,2145.0
33097,pink morsel,5.0,414,2021-05-03,south,2070.0
33125,pink morsel,5.0,485,2021-05-04,south,2425.0
33153,pink morsel,5.0,424,2021-05-05,south,2120.0
33181,pink morsel,5.0,410,2021-05-06,south,2050.0
33209,pink morsel,5.0,467,2021-05-07,south,2335.0
33237,pink morsel,5.0,498,2021-05-08,south,2490.0
33265,pink morsel,5.0,423,2021-05-09,south,2115.0
33293,pink morsel,5.0,465,2021-05-10,south,2325.0
33321,pink morsel,5.0,433,2021-05-11,south,2165.0
33349,pink morsel,5.0,465,2021-05-12,south,2325.0
33377,pink morsel,5.0,442,2021-05-13,south,2210.0
33405,pink morsel,5.0,500,2021-05-14,south,2500.0
33433,pink morsel,5.0,436,2021-05-15,south,2180.0
33461,pink morsel,5.0,410,2021-05-16,south,2050.0
33489,pink morsel,5.0,494,2021-05-17,south,2470.0
33517,pink morsel,5.0,491,2021-05-18,south,2455.0
33545,pink morsel,5.0,460,2021-05-19,south,2300.0
33573,pink morsel,5.0,410,2021-05-20,south,2050.0
33601,pink morsel,5.0,448,2021-05-21,south,2240.0
33629,pink morsel,5.0,420,2021-05-22,south,2100.0
33657,pink morsel,5.0,469,2021-05-23,south,2345.0
33685,pink morsel,5.0,442,2021-05-24,south,2210.0
33713,pink morsel,5.0,421,2021-05-25,south,2105.0
33741,pink morsel,5.0,442,2021-05-26,south,2210.0
33769,pink morsel,5.0,452,2021-05-27,south,2260.0
33797,pink morsel,5.0,411,2021-05-28,south,2055.0
33825,pink morsel,5.0,490,2021-05-29,south,2450.0
33853,pink morsel,5.0,445,2021-05-30,south,2225.0
33881,pink morsel,5.0,419,2021-05-31,south,2095.0
33909,pink morsel,5.0,490,2021-06-01,south,2450.0
33937,pink morsel,5.0,470,2021-06-02,south,2350.0
33965,pink morsel,5.0,405,2021-06-03,south,2025.0
33993,pink morsel,5.0,427,2021-06-04,south,2135.0
34021,pink morsel,5.0,480,2021-06-05,south,2400.0
34049,pink morsel,5.0,438,2021-06-06,south,2190.0
34077,pink morsel,5.0,404,2021-06-07,south,2020.0
34105,pink morsel,5.0,407,2021-06-08,south,2035.0
34133,pink morsel,5.0,500,2021-06-09,south,2500.0
34161,pink morsel,5.0,403,2021-06-10,south,2015.0
34189,pink morsel,5.0,418,2021-06-11,south,2090.0
34217,pink morsel,5.0,475,2021-06-12,south,2375.0
34245,pink morsel,5.0,452,2021-06-13,south,2260.0
34273,pink morsel,5.0,405,2021-06-14,south,2025.0
34301,pink morsel,5.0,415,2021-06-15,south,2075.0
34329,pink morsel,5.0,453,2021-06-16,south,2265.0
34357,pink morsel,5.0,492,2021-06-17,south,2460.0
34385,pink morsel,5.0,455,2021-06-18,south,2275.0
34413,pink morsel,5.0,404,2021-06-19,south,2020.0
34441,pink morsel,5.0,485,2021-06-20,south,2425.0
34469,pink morsel,5.0,461,2021-06-21,south,2305.0
34497,pink morsel,5.0,402,2021-06-22,south,2010.0
34525,pink morsel,5.0,469,2021-06-23,south,2345.0
34553,pink morsel,5.0,431,2021-06-24,south,2155.0
34581,pink morsel,5.0,468,2021-06-25,south,2340.0
34609,pink morsel,5.0,466,2021-06-26,south,2330.0
34637,pink morsel,5.0,492,2021-06-27,south,2460.0
34665,pink morsel,5.0,438,2021-06-28,south,2190.0
34693,pink morsel,5.0,427,2021-06-29,south,2135.0
34721,pink morsel,5.0,426,2021-06-30,south,2130.0
34749,pink morsel,5.0,471,2021-07-01,south,2355.0
34777,pink morsel,5.0,490,2021-07-02,south,2450.0
34805,pink morsel,5.0,412,2021-07-03,south,2060.0
34833,pink morsel,5.0,474,2021-07-04,south,2370.0
34861,pink morsel,5.0,449,2021-07-05,south,2245.0
34889,pink morsel,5.0,425,2021-07-06,south,2125.0
34917,pink morsel,5.0,500,2021-07-07,south,2500.0
34945,pink morsel,5.0,485,2021-07-08,south,2425.0
34973,pink morsel,5.0,448,2021-07-09,south,2240.0
35001,pink morsel,5.0,488,2021-07-10,south,2440.0
35029,pink morsel,5.0,440,2021-07-11,south,2200.0
35057,pink morsel,5.0,401,2021-07-12,south,2005.0
35085,pink morsel,5.0,421,2021-07-13,south,2105.0
35113,pink morsel,5.0,466,2021-07-14,south,2330.0
35141,pink morsel,5.0,474,2021-07-15,south,2370.0
35169,pink morsel,5.0,404,2021-07-16,south,2020.0
35197,pink morsel,5.0,416,2021-07-17,south,2080.0
35225,pink morsel,5.0,433,2021-07-18,south,2165.0
35253,pink morsel,5.0,434,2021-07-19,south,2170.0
35281,pink morsel,5.0,476,2021-07-20,south,2380.0
35309,pink morsel,5.0,455,2021-07-21,south,2275.0
35337,pink morsel,5.0,428,2021-07-22,south,2140.0
35365,pink morsel,5.0,440,2021-07-23,south,2200.0
35393,pink morsel,5.0,447,2021-07-24,south,2235.0
35421,pink morsel,5.0,490,2021-07-25,south,2450.0
35449,pink morsel,5.0,479,2021-07-26,south,2395.0
35477,pink morsel,5.0,463,2021-07-27,south,2315.0
35505,pink morsel,5.0,477,2021-07-28,south,2385.0
35533,pink morsel,5.0,425,2021-07-29,south,2125.0
35561,pink morsel,5.0,440,2021-07-30,south,2200.0
35589,pink morsel,5.0,445,2021-07-31,south,2225.0
35617,pink morsel,5.0,453,2021-08-01,south,2265.0
35645,pink morsel,5.0,455,2021-08-02,south,2275.0
35673,pink morsel,5.0,415,2021-08-03,south,2075.0
35701,pink morsel,5.0,414,2021-08-04,south,2070.0
35729,pink morsel,5.0,443,2021-08-05,south,2215.0
35757,pink morsel,5.0,410,2021-08-06,south,2050.0
35785,pink morsel,5.0,406,2021-08-07,south,2030.0
35813,pink morsel,5.0,446,2021-08-08,south,2230.0
35841,pink morsel,5.0,477,2021-08-09,south,2385.0
35869,pink morsel,5.0,436,2021-08-10,south,2180.0
35897,pink morsel,5.0,450,2021-08-11,south,2250.0
35925,pink morsel,5.0,420,2021-08-12,south,2100.0
35953,pink morsel,5.0,447,2021-08-13,south,2235.0
35981,pink morsel,5.0,427,2021-08-14,south,2135.0
36009,pink morsel,5.0,428,2021-08-15,south,2140.0
36037,pink morsel,5.0,431,2021-08-16,south,2155.0
36065,pink morsel,5.0,495,2021-08-17,south,2475.0
36093,pink morsel,5.0,415,2021-08-18,south,2075.0
36121,pink morsel,5.0,474,2021-08-19,south,2370.0
36149,pink morsel,5.0,439,2021-08-20,south,2195.0
36177,pink morsel,5.0,419,2021-08-21,south,2095.0
36205,pink morsel,5.0,436,2021-08-22,south,2180.0
36233,pink morsel,5.0,400,2021-08-23,south,2000.0
36261,pink morsel,5.0,495,2021-08-24,south,2475.0
36289,pink morsel,5.0,448,2021-08-25,south,2240.0
36317,pink morsel,5.0,436,2021-08-26,south,2180.0
36345,pink morsel,5.0,452,2021-08-27,south,2260.0
36373,pink morsel,5.0,464,2021-08-28,south,2320.0
36401,pink morsel,5.0,470,2021-08-29,south,2350.0
36429,pink morsel,5.0,403,2021-08-30,south,2015.0
36457,pink morsel,5.0,488,2021-08-31,south,2440.0
36485,pink morsel,5.0,448,2021-09-01,south,2240.0
36513,pink morsel,5.0,483,2021-09-02,south,2415.0
36541,pink morsel,5.0,449,2021-09-03,south,2245.0
36569,pink morsel,5.0,433,2021-09-04,south,2165.0
36597,pink morsel,5.0,458,2021-09-05,south,2290.0
36625,pink morsel,5.0,437,2021-09-06,south,2185.0
36653,pink morsel,5.0,411,2021-09-07,south,2055.0
36681,pink morsel,5.0,489,2021-09-08,south,2445.0
36709,pink morsel,5.0,415,2021-09-09,south,2075.0
36737,pink morsel,5.0,473,2021-09-10,south,2365.0
36765,pink morsel,5.0,403,2021-09-11,south,2015.0
36793,pink morsel,5.0,497,2021-09-12,south,2485.0
36821,pink morsel,5.0,488,2021-09-13,south,2440.0
36849,pink morsel,5.0,477,2021-09-14,south,2385.0
36877,pink morsel,5.0,421,2021-09-15,south,2105.0
36905,pink morsel,5.0,422,2021-09-16,south,2110.0
36933,pink morsel,5.0,470,2021-09-17,south,2350.0
36961,pink morsel,5.0,500,2021-09-18,south,2500.0
36989,pink morsel,5.0,437,2021-09-19,south,2185.0
37017,pink morsel,5.0,477,2021-09-20,south,2385.0
37045,pink morsel,5.0,479,2021-09-21,south,2395.0
37073,pink morsel,5.0,419,2021-09-22,south,2095.0
37101,pink morsel,5.0,478,2021-09-23,south,2390.0
37129,pink morsel,5.0,465,2021-09-24,south,2325.0
37157,pink morsel,5.0,400,2021-09-25,south,2000.0
37185,pink morsel,5.0,460,2021-09-26,south,2300.0
37213,pink morsel,5.0,473,2021-09-27,south,2365.0
37241,pink morsel,5.0,417,2021-09-28,south,2085.0
37269,pink morsel,5.0,445,2021-09-29,south,2225.0
37297,pink morsel,5.0,435,2021-09-30,south,2175.0
37325,pink morsel,5.0,443,2021-10-01,south,2215.0
37353,pink morsel,5.0,436,2021-10-02,south,2180.0
37381,pink morsel,5.0,453,2021-10-03,south,2265.0
37409,pink morsel,5.0,479,2021-10-04,south,2395.0
37437,pink morsel,5.0,451,2021-10-05,south,2255.0
37465,pink morsel,5.0,478,2021-10-06,south,2390.0
37493,pink morsel,5.0,416,2021-10-07,south,2080.0
37521,pink morsel,5.0,472,2021-10-08,south,2360.0
37549,pink morsel,5.0,460,2021-10-09,south,2300.0
37577,pink morsel,5.0,451,2021-10-10,south,2255.0
37605,pink morsel,5.0,446,2021-10-11,south,2230.0
37633,pink morsel,5.0,421,2021-10-12,south,2105.0
37661,pink morsel,5.0,499,2021-10-13,south,2495.0
37689,pink morsel,5.0,402,2021-10-14,south,2010.0
37717,pink morsel,5.0,485,2021-10-15,south,2425.0
37745,pink morsel,5.0,483,2021-10-16,south,2415.0
37773,pink morsel,5.0,417,2021-10-17,south,2085.0
37801,pink morsel,5.0,462,2021-10-18,south,2310.0
37829,pink morsel,5.0,455,2021-10-19,south,2275.0
37857,pink morsel,5.0,442,2021-10-20,south,2210.0
37885,pink morsel,5.0,435,2021-10-21,south,2175.0
37913,pink morsel,5.0,480,2021-10-22,south,2400.0
37941,pink morsel,5.0,445,2021-10-23,south,2225.0
37969,pink morsel,5.0,431,2021-10-24,south,2155.0
37997,pink morsel,5.0,427,2021-10-25,south,2135.0
38025,pink morsel,5.0,498,2021-10-26,south,2490.0
38053,pink morsel,5.0,429,2021-10-27,south,2145.0
38081,pink morsel,5.0,471,2021-10-28,south,2355.0
38109,pink morsel,5.0,435,2021-10-29,south,2175.0
38137,pink morsel,5.0,436,2021-10-30,south,2180.0
38165,pink morsel,5.0,444,2021-10-31,south,2220.0
38193,pink morsel,5.0,489,2021-11-01,south,2445.0
38221,pink morsel,5.0,424,2021-11-02,south,2120.0
38249,pink morsel,5.0,407,2021-11-03,south,2035.0
38277,pink morsel,5.0,431,2021-11-04,south,2155.0
38305,pink morsel,5.0,485,2021-11-05,south,2425.0
38333,pink morsel,5.0,410,2021-11-06,south,2050.0
38361,pink morsel,5.0,413,2021-11-07,south,2065.0
38389,pink morsel,5.0,424,2021-11-08,south,2120.0
38417,pink morsel,5.0,400,2021-11-09,south,2000.0
38445,pink morsel,5.0,418,2021-11-10,south,2090.0
38473,pink morsel,5.0,432,2021-11-11,south,2160.0
38501,pink morsel,5.0,426,2021-11-12,south,2130.0
38529,pink morsel,5.0,442,2021-11-13,south,2210.0
38557,pink morsel,5.0,438,2021-11-14,south,2190.0
38585,pink morsel,5.0,485,2021-11-15,south,2425.0
38613,pink morsel,5.0,445,2021-11-16,south,2225.0
38641,pink morsel,5.0,448,2021-11-17,south,2240.0
38669,pink morsel,5.0,465,2021-11-18,south,2325.0
38697,pink morsel,5.0,436,2021-11-19,south,2180.0
38725,pink morsel,5.0,432,2021-11-20,south,2160.0
38753,pink morsel,5.0,488,2021-11-21,south,2440.0
38781,pink morsel,5.0,484,2021-11-22,south,2420.0
38809,pink morsel,5.0,490,2021-11-23,south,2450.0
38837,pink morsel,5.0,403,2021-11-24,south,2015.0
38865,pink morsel,5.0,497,2021-11-25,south,2485.0
38893,pink morsel,5.0,443,2021-11-26,south,2215.0
38921,pink morsel,5.0,447,2021-11-27,south,2235.0
38949,pink morsel,5.0,467,2021-11-28,south,2335.0
38977,pink morsel,5.0,499,2021-11-29,south,2495.0
39005,pink morsel,5.0,407,2021-11-30,south,2035.0
39033,pink morsel,5.0,455,2021-12-01,south,2275.0
39061,pink morsel,5.0,434,2021-12-02,south,2170.0
39089,pink morsel,5.0,470,2021-12-03,south,2350.0
39117,pink morsel,5.0,402,2021-12-04,south,2010.0
39145,pink morsel,5.0,489,2021-12-05,south,2445.0
39173,pink morsel,5.0,447,2021-12-06,south,2235.0
39201,pink morsel,5.0,433,2021-12-07,south,2165.0
39229,pink morsel,5.0,463,2021-12-08,south,2315.0
39257,pink morsel,5.0,486,2021-12-09,south,2430.0
39285,pink morsel,5.0,475,2021-12-10,south,2375.0
39313,pink morsel,5.0,431,2021-12-11,south,2155.0
39341,pink morsel,5.0,411,2021-12-12,south,2055.0
39369,pink morsel,5.0,464,2021-12-13,south,2320.0
39397,pink morsel,5.0,484,2021-12-14,south,2420.0
39425,pink morsel,5.0,499,2021-12-15,south,2495.0
39453,pink morsel,5.0,477,2021-12-16,south,2385.0
39481,pink morsel,5.0,417,2021-12-17,south,2085.0
