data/daily_sales_data.csv
,product,price,quantity,date,region,sales
29206,pink morsel,3.0,526,2020-12-15,east,1578.0
29234,pink morsel,3.0,527,2020-12-16,east,1581.0
29262,pink morsel,3.0,559,2020-12-17,east,1677.0
29290,pink morsel,3.0,598,2020-12-18,east,1794.0
29318,pink morsel,3.0,525,2020-12-19,east,1575.0
29346,pink morsel,3.0,538,2020-12-20,east,1614.0
29374,pink morsel,3.0,533,2020-12-21,east,1599.0
29402,pink morsel,3.0,574,2020-12-22,east,1722.0
29430,pink morsel,3.0,595,2020-12-23,east,1785.0
29458,pink morsel,3.0,521,2020-12-24,east,1563.0
29486,pink morsel,3.0,599,2020-12-25,east,1797.0
29514,pink morsel,3.0,566,2020-12-26,east,1698.0
29542,pink morsel,3.0,590,2020-12-27,east,1770.0
29570,pink morsel,3.0,586,2020-12-28,east,1758.0
29598,pink morsel,3.0,538,2020-12-29,east,1614.0
29626,pink morsel,3.0,528,2020-12-30,east,1584.0
29654,pink morsel,3.0,590,2020-12-31,east,1770.0
29682,pink morsel,3.0,557,2021-01-01,east,1671.0
29710,pink morsel,3.0,528,2021-01-02,east,1584.0
29738,pink morsel,3.0,559,2021-01-03,east,1677.0
29766,pink morsel,3.0,577,2021-01-04,east,1731.0
29794,pink morsel,3.0,561,2021-01-05,east,1683.0
29822,pink morsel,3.0,546,2021-01-06,east,1638.0
29850,pink morsel,3.0,532,2021-01-07,east,1596.0
29878,pink morsel,3.0,554,2021-01-08,east,1662.0
29906,pink morsel,3.0,581,2021-01-09,east,1743.0
29934,pink morsel,3.0,504,2021-01-10,east,1512.0
29962,pink morsel,3.0,512,2021-01-11,east,1536.0
29990,pink morsel,3.0,513,2021-01-12,east,1539.0
30018,pink morsel,3.0,593,2021-01-13,east,1779.0
30046,pink morsel,3.0,538,2021-01-14,east,1614.0
30074,pink morsel,5.0,436,2021-01-15,east,2180.0
30102,pink morsel,5.0,468,2021-01-16,east,2340.0
30130,pink morsel,5.0,421,2021-01-17,east,2105.0
30158,pink morsel,5.0,425,2021-01-18,east,2125.0
30186,pink morsel,5.0,468,2021-01-19,east,2340.0
30214,pink morsel,5.0,414,2021-01-20,east,2070.0
30242,pink morsel,5.0,449,2021-01-21,east,2245.0
30270,pink morsel,5.0,402,2021-01-22,east,2010.0
30298,pink morsel,5.0,484,2021-01-23,east,2420.0
30326,pink morsel,5.0,451,2021-01-24,east,2255.0
30354,pink morsel,5.0,440,2021-01-25,east,2200.0
30382,pink morsel,5.0,433,2021-01-26,east,2165.0
30410,pink morsel,5.0,412,2021-01-27,east,2060.0
30438,pink morsel,5.0,457,2021-01-28,east,2285.0
30466,pink morsel,5.0,493,2021-01-29,east,2465.0
30494,pink morsel,5.0,474,2021-01-30,east,2370.0
30522,pink morsel,5.0,443,2021-01-31,east,2215.0
30550,pink morsel,5.0,458,2021-02-01,east,2290.0
30578,pink morsel,5.0,486,2021-02-02,east,2430.0
30606,pink morsel,5.0,422,2021-02-03,east,2110.0
30634,pink morsel,5.0,460,2021-02-04,east,2300.0
30662,pink morsel,5.0,443,2021-02-05,east,2215.0
30690,pink morsel,5.0,419,2021-02-06,east,2095.0
30718,pink morsel,5.0,416,2021-02-07,east,2080.0
30746,pink morsel,5.0,417,2021-02-08,east,2085.0
30774,pink morsel,5.0,491,2021-02-09,east,2455.0
30802,pink morsel,5.0,409,2021-02-10,east,2045.0
30830,pink morsel,5.0,417,2021-02-11,east,2085.0
30858,pink morsel,5.0,446,2021-02-12,east,2230.0
30886,pink morsel,5.0,421,2021-02-13,east,2105.0
30914,pink morsel,5.0,457,2021-02-14,east,2285.0
30942,pink morsel,5.0,453,2021-02-15,east,2265.0
30970,pink morsel,5.0,436,2021-02-16,east,2180.0
30998,pink morsel,5.0,470,2021-02-17,east,2350.0
31026,pink morsel,5.0,496,2021-02-18,east,2480.0
31054,pink morsel,5.0,410,2021-02-19,east,2050.0
31082,pink morsel,5.0,484,2021-02-20,east,2420.0
31110,pink morsel,5.0,434,2021-02-21,east,2170.0
31138,pink morsel,5.0,440,2021-02-22,east,2200.0
31166,pink morsel,5.0,411,2021-02-23,east,2055.0
31194,pink morsel,5.0,447,2021-02-24,east,2235.0
31222,pink morsel,5.0,460,2021-02-25,east,2300.0
31250,pink morsel,5.0,454,2021-02-26,east,2270.0
31278,pink morsel,5.0,430,2021-02-27,east,2150.0
31306,pink morsel,5.0,458,2021-02-28,east,2290.0
31334,pink morsel,5.0,437,2021-03-01,east,2185.0
31362,pink morsel,5.0,443,2021-03-02,east,2215.0
31390,pink morsel,5.0,405,2021-03-03,east,2025.0
31418,pink morsel,5.0,441,2021-03-04,east,2205.0
31446,pink morsel,5.0,409,2021-03-05,east,2045.0
31474,pink morsel,5.0,461,2021-03-06,east,2305.0
31502,pink morsel,5.0,470,2021-03-07,east,2350.0
31530,pink morsel,5.0,495,2021-03-08,east,2475.0
31558,pink morsel,5.0,436,2021-03-09,east,2180.0
31586,pink morsel,5.0,401,2021-03-10,east,2005.0
31614,pink morsel,5.0,413,2021-03-11,east,2065.0
31642,pink morsel,5.0,498,2021-03-12,east,2490.0
31670,pink morsel,5.0,461,2021-03-13,east,2305.0
31698,pink morsel,5.0,460,2021-03-14,east,2300.0
31726,pink morsel,5.0,478,2021-03-15,east,2390.0
31754,pink morsel,5.0,447,2021-03-16,east,2235.0
31782,pink morsel,5.0,496,2021-03-17,east,2480.0
31810,pink morsel,5.0,423,2021-03-18,east,2115.0
31838,pink morsel,5.0,468,2021-03-19,east,2340.0
31866,pink morsel,5.0,465,2021-03-20,east,2325.0
31894,pink morsel,5.0,422,2021-03-21,east,2110.0
31922,pink morsel,5.0,490,2021-03-22,east,2450.0
31950,pink morsel,5.0,431,2021-03-23,east,2155.0
31978,pink morsel,5.0,416,2021-03-24,east,2080.0
32006,pink morsel,5.0,426,2021-03-25,east,2130.0
32034,pink morsel,5.0,442,2021-03-26,east,2210.0
32062,pink morsel,5.0,429,2021-03-27,east,2145.0
32090,pink morsel,5.0,471,2021-03-28,east,2355.0
32118,pink morsel,5.0,405,2021-03-29,east,2025.0
32146,pink morsel,5.0,482,2021-03-30,east,2410.0
32174,pink morsel,5.0,488,2021-03-31,east,2440.0
32202,pink morsel,5.0,496,2021-04-01,east,2480.0
32230,pink morsel,5.0,496,2021-04-02,east,2480.0
32258,pink morsel,5.0,435,2021-04-03,east,2175.0
32286,pink morsel,5.0,433,2021-04-04,east,2165.0
32314,pink morsel,5.0,430,2021-04-05,east,2150.0
32342,pink morsel,5.0,451,2021-04-06,east,2255.0
32370,pink morsel,5.0,424,2021-04-07,east,2120.0
32398,pink morsel,5.0,480,2021-04-08,east,2400.0
32426,pink morsel,5.0,449,2021-04-09,east,2245.0
32454,pink morsel,5.0,413,2021-04-10,east,2065.0
32482,pink morsel,5.0,485,2021-04-11,east,2425.0
32510,pink morsel,5.0,416,2021-04-12,east,2080.0
32538,pink morsel,5.0,439,2021-04-13,east,2195.0
32566,pink morsel,5.0,497,2021-04-14,east,2485.0
32594,pink morsel,5.0,410,2021-04-15,east,2050.0
32622,pink morsel,5.0,423,2021-04-16,east,2115.0
32650,pink morsel,5.0,483,2021-04-17,east,2415.0
32678,pink morsel,5.0,481,2021-04-18,east,2405.0
32706,pink morsel,5.0,435,2021-04-19,east,2175.0
32734,pink morsel,5.0,422,2021-04-20,east,2110.0
32762,pink morsel,5.0,419,2021-04-21,east,2095.0
32790,pink morsel,5.0,496,2021-04-22,east,2480.0
32818,pink morsel,5.0,413,2021-04-23,east,2065.0
32846,pink morsel,5.0,469,2021-04-24,east,2345.0
32874,pink morsel,5.0,468,2021-04-25,east,2340.0
32902,pink morsel,5.0,459,2021-04-26,east,2295.0
32930,pink morsel,5.0,449,2021-04-27,east,2245.0
32958,pink morsel,5.0,457,2021-04-28,east,2285.0
32986,pink morsel,5.0,422,2021-04-29,east,2110.0
33014,pink morsel,5.0,410,2021-04-30,east,2050.0
33042,pink morsel,5.0,422,2021-05-01,east,2110.0
33070,pink morsel,5.0,492,2021-05-02,east,2460.0
33098,pink morsel,5.0,491,2021-05-03,east,2455.0
33126,pink morsel,5.0,483,2021-05-04,east,2415.0
33154,pink morsel,5.0,466,2021-05-05,east,2330.0
33182,pink morsel,5.0,428,2021-05-06,east,2140.0
33210,pink morsel,5.0,425,2021-05-07,east,2125.0
33238,pink morsel,5.0,440,2021-05-08,east,2200.0
33266,pink morsel,5.0,409,2021-05-09,east,2045.0
33294,pink morsel,5.0,465,2021-05-10,east,2325.0
33322,pink morsel,5.0,435,2021-05-11,east,2175.0
33350,pink morsel,5.0,405,2021-05-12,east,2025.0
33378,pink morsel,5.0,402,2021-05-13,east,2010.0
33406,pink morsel,5.0,428,2021-05-14,east,2140.0
33434,pink morsel,5.0,404,2021-05-15,east,2020.0
33462,pink morsel,5.0,416,2021-05-16,east,2080.0
33490,pink morsel,5.0,444,2021-05-17,east,2220.0
33518,pink morsel,5.0,454,2021-05-18,east,2270.0
33546,pink morsel,5.0,435,2021-05-19,east,2175.0
33574,pink morsel,5.0,411,2021-05-20,east,2055.0
33602,pink morsel,5.0,405,2021-05-21,east,2025.0
33630,pink morsel,5.0,484,2021-05-22,east,2420.0
33658,pink morsel,5.0,409,2021-05-23,east,2045.0
33686,pink morsel,5.0,421,2021-05-24,east,2105.0
33714,pink morsel,5.0,459,2021-05-25,east,2295.0
33742,pink morsel,5.0,408,2021-05-26,east,2040.0
33770,pink morsel,5.0,469,2021-05-27,east,2345.0
33798,pink morsel,5.0,456,2021-05-28,east,2280.0
33826,pink morsel,5.0,401,2021-05-29,east,2005.0
33854,pink morsel,5.0,497,2021-05-30,east,2485.0
33882,pink morsel,5.0,444,2021-05-31,east,2220.0
33910,pink morsel,5.0,411,2021-06-01,east,2055.0
33938,pink morsel,5.0,401,2021-06-02,east,2005.0
33966,pink morsel,5.0,475,2021-06-03,east,2375.0
33994,pink morsel,5.0,463,2021-06-04,east,2315.0
34022,pink morsel,5.0,449,2021-06-05,east,2245.0
34050,pink morsel,5.0,490,2021-06-06,east,2450.0
34078,pink morsel,5.0,472,2021-06-07,east,2360.0
34106,pink morsel,5.0,490,2021-06-08,east,2450.0
34134,pink morsel,5.0,473,2021-06-09,east,2365.0
34162,pink morsel,5.0,500,2021-06-10,east,2500.0
34190,pink morsel,5.0,460,2021-06-11,east,2300.0
34218,pink morsel,5.0,454,2021-06-12,east,2270.0
34246,pink morsel,5.0,427,2021-06-13,east,2135.0
34274,pink morsel,5.0,492,2021-06-14,east,2460.0
34302,pink morsel,5.0,425,2021-06-15,east,2125.0
34330,pink morsel,5.0,429,2021-06-16,east,2145.0
34358,pink morsel,5.0,412,2021-06-17,east,2060.0
34386,pink morsel,5.0,457,2021-06-18,east,2285.0
34414,pink morsel,5.0,486,2021-06-19,east,2430.0
34442,pink morsel,5.0,446,2021-06-20,east,2230.0
34470,pink morsel,5.0,421,2021-06-21,east,2105.0
34498,pink morsel,5.0,419,2021-06-22,east,2095.0
34526,pink morsel,5.0,448,2021-06-23,east,2240.0
34554,pink morsel,5.0,412,2021-06-24,east,2060.0
34582,pink morsel,5.0,406,2021-06-25,east,2030.0
34610,pink morsel,5.0,429,2021-06-26,east,2145.0
34638,pink morsel,5.0,439,2021-06-27,east,2195.0
34666,pink morsel,5.0,410,2021-06-28,east,2050.0
34694,pink morsel,5.0,456,2021-06-29,east,2280.0
34722,pink morsel,5.0,498,2021-06-30,east,2490.0
34750,pink morsel,5.0,441,2021-07-01,east,2205.0
34778,pink morsel,5.0,500,2021-07-02,east,2500.0
34806,pink morsel,5.0,418,2021-07-03,east,2090.0
34834,pink morsel,5.0,422,2021-07-04,east,2110.0
34862,pink morsel,5.0,466,2021-07-05,east,2330.0
34890,pink morsel,5.0,447,2021-07-06,east,2235.0
34918,pink morsel,5.0,463,2021-07-07,east,2315.0
34946,pink morsel,5.0,475,2021-07-08,east,2375.0
34974,pink morsel,5.0,403,2021-07-09,east,2015.0
35002,pink morsel,5.0,408,2021-07-10,east,2040.0
35030,pink morsel,5.0,452,2021-07-11,east,2260.0
35058,pink morsel,5.0,450,2021-07-12,east,2250.0
35086,pink morsel,5.0,453,2021-07-13,east,2265.0
35114,pink morsel,5.0,456,2021-07-14,east,2280.0
35142,pink morsel,5.0,451,2021-07-15,east,2255.0
35170,pink morsel,5.0,407,2021-07-16,east,2035.0
35198,pink morsel,5.0,469,2021-07-17,east,2345.0
35226,pink morsel,5.0,435,2021-07-18,east,2175.0
35254,pink morsel,5.0,408,2021-07-19,east,2040.0
35282,pink morsel,5.0,489,2021-07-20,east,2445.0
35310,pink morsel,5.0,440,2021-07-21,east,2200.0
35338,pink morsel,5.0,441,2021-07-22,east,2205.0
35366,pink morsel,5.0,478,2021-07-23,east,2390.0
35394,pink morsel,5.0,472,2021-07-24,east,2360.0
35422,pink morsel,5.0,431,2021-07-25,east,2155.0
35450,pink morsel,5.0,472,2021-07-26,east,2360.0
35478,pink morsel,5.0,416,2021-07-27,east,2080.0
35506,pink morsel,5.0,402,2021-07-28,east,2010.0
35534,pink morsel,5.0,447,2021-07-29,east,2235.0
35562,pink morsel,5.0,431,2021-07-30,east,2155.0
35590,pink morsel,5.0,430,2021-07-31,east,2150.0
35618,pink morsel,5.0,411,2021-08-01,east,2055.0
35646,pink morsel,5.0,440,2021-08-02,east,2200.0
35674,pink morsel,5.0,450,2021-08-03,east,2250.0
35702,pink morsel,5.0,490,2021-08-04,east,2450.0
35730,pink morsel,5.0,426,2021-08-05,east,2130.0
35758,pink morsel,5.0,494,2021-08-06,east,2470.0
35786,pink morsel,5.0,462,2021-08-07,east,2310.0
35814,pink morsel,5.0,472,2021-08-08,east,2360.0
35842,pink morsel,5.0,448,2021-08-09,east,2240.0
35870,pink morsel,5.0,415,2021-08-10,east,2075.0
35898,pink morsel,5.0,469,2021-08-11,east,2345.0
35926,pink morsel,5.0,486,2021-08-12,east,2430.0
35954,pink morsel,5.0,496,2021-08-13,east,2480.0
35982,pink morsel,5.0,466,2021-08-14,east,2330.0
36010,pink morsel,5.0,494,2021-08-15,east,2470.0
36038,pink morsel,5.0,424,2021-08-16,east,2120.0
36066,pink morsel,5.0,472,2021-08-17,east,2360.0
36094,pink morsel,5.0,465,2021-08-18,east,2325.0
36122,pink morsel,5.0,445,2021-08-19,east,2225.0
36150,pink morsel,5.0,463,2021-08-20,east,2315.0
36178,pink morsel,5.0,410,2021-08-21,east,2050.0
36206,pink morsel,5.0,415,2021-08-22,east,2075.0
36234,pink morsel,5.0,442,2021-08-23,east,2210.0
36262,pink morsel,5.0,453,2021-08-24,east,2265.0
36290,pink morsel,5.0,400,2021-08-25,east,2000.0
36318,pink morsel,5.0,494,2021-08-26,east,2470.0
36346,pink morsel,5.0,428,2021-08-27,east,2140.0
36374,pink morsel,5.0,446,2021-08-28,east,2230.0
36402,pink morsel,5.0,489,2021-08-29,east,2445.0
36430,pink morsel,5.0,432,2021-08-30,east,2160.0
36458,pink morsel,5.0,433,2021-08-31,east,2165.0
36486,pink morsel,5.0,424,2021-09-01,east,2120.0
36514,pink morsel,5.0,417,2021-09-02,east,2085.0
36542,pink morsel,5.0,404,2021-09-03,east,2020.0
36570,pink morsel,5.0,404,2021-09-04,east,2020.0
36598,pink morsel,5.0,409,2021-09-05,east,2045.0
36626,pink morsel,5.0,467,2021-09-06,east,2335.0
36654,pink morsel,5.0,454,2021-09-07,east,2270.0
36682,pink morsel,5.0,496,2021-09-08,east,2480.0
36710,pink morsel,5.0,469,2021-09-09,east,2345.0
36738,pink morsel,5.0,403,2021-09-10,east,2015.0
36766,pink morsel,5.0,400,2021-09-11,east,2000.0
36794,pink morsel,5.0,490,2021-09-12,east,2450.0
36822,pink morsel,5.0,498,2021-09-13,east,2490.0
36850,pink morsel,5.0,456,2021-09-14,east,2280.0
36878,pink morsel,5.0,485,2021-09-15,east,2425.0
36906,pink morsel,5.0,423,2021-09-16,east,2115.0
36934,pink morsel,5.0,473,2021-09-17,east,2365.0
36962,pink morsel,5.0,485,2021-09-18,east,2425.0
36990,pink morsel,5.0,478,2021-09-19,east,2390.0
37018,pink morsel,5.0,430,2021-09-20,east,2150.0
37046,pink morsel,5.0,489,2021-09-21,east,2445.0
37074,pink morsel,5.0,462,2021-09-22,east,2310.0
37102,pink morsel,5.0,497,2021-09-23,east,2485.0
37130,pink morsel,5.0,439,2021-09-24,east,2195.0
37158,pink morsel,5.0,469,2021-09-25,east,2345.0
37186,pink morsel,5.0,430,2021-09-26,east,2150.0
37214,pink morsel,5.0,418,2021-09-27,east,2090.0
37242,pink morsel,5.0,487,2021-09-28,east,2435.0
37270,pink morsel,5.0,428,2021-09-29,east,2140.0
37298,pink morsel,5.0,404,2021-09-30,east,2020.0
37326,pink morsel,5.0,469,2021-10-01,east,2345.0
37354,pink morsel,5.0,400,2021-10-02,east,2000.0
37382,pink morsel,5.0,433,2021-10-03,east,2165.0
37410,pink morsel,5.0,448,2021-10-04,east,2240.0
37438,pink morsel,5.0,429,2021-10-05,east,2145.0
37466,pink morsel,5.0,424,2021-10-06,east,2120.0
37494,pink morsel,5.0,432,2021-10-07,east,2160.0
37522,pink morsel,5.0,417,2021-10-08,east,2085.0
37550,pink morsel,5.0,413,2021-10-09,east,2065.0
37578,pink morsel,5.0,467,2021-10-10,east,2335.0
37606,pink morsel,5.0,439,2021-10-11,east,2195.0
37634,pink morsel,5.0,413,2021-10-12,east,2065.0
37662,pink morsel,5.0,425,2021-10-13,east,2125.0
37690,pink morsel,5.0,466,2021-10-14,east,2330.0
37718,pink morsel,5.0,462,2021-10-15,east,2310.0
37746,pink morsel,5.0,479,2021-10-16,east,2395.0
37774,pink morsel,5.0,450,2021-10-17,east,2250.0
37802,pink morsel,5.0,401,2021-10-18,east,2005.0
37830,pink morsel,5.0,444,2021-10-19,east,2220.0
37858,pink morsel,5.0,458,2021-10-20,east,2290.0
37886,pink morsel,5.0,403,2021-10-21,east,2015.0
37914,pink morsel,5.0,436,2021-10-22,east,2180.0
37942,pink morsel,5.0,419,2021-10-23,east,2095.0
37970,pink morsel,5.0,461,2021-10-24,east,2305.0
37998,pink morsel,5.0,451,2021-10-25,east,2255.0
38026,pink morsel,5.0,450,2021-10-26,east,2250.0
38054,pink morsel,5.0,490,2021-10-27,east,2450.0
38082,pink morsel,5.0,463,2021-10-28,east,2315.0
38110,pink morsel,5.0,487,2021-10-29,east,2435.0
38138,pink morsel,5.0,412,2021-10-30,east,2060.0
38166,pink morsel,5.0,479,2021-10-31,east,2395.0
38194,pink morsel,5.0,483,2021-11-01,east,2415.0
38222,pink morsel,5.0,439,2021-11-02,east,2195.0
38250,pink morsel,5.0,417,2021-11-03,east,2085.0
38278,pink morsel,5.0,421,2021-11-04,east,2105.0
38306,pink morsel,5.0,466,2021-11-05,east,2330.0
38334,pink morsel,5.0,491,2021-11-06,east,2455.0
38362,pink morsel,5.0,443,2021-11-07,east,2215.0
38390,pink morsel,5.0,428,2021-11-08,east,2140.0
38418,pink morsel,5.0,487,2021-11-09,east,2435.0
38446,pink morsel,5.0,405,2021-11-10,east,2025.0
38474,pink morsel,5.0,407,2021-11-11,east,2035.0
38502,pink morsel,5.0,409,2021-11-12,east,2045.0
38530,pink morsel,5.0,469,2021-11-13,east,2345.0
38558,pink morsel,5.0,499,2021-11-14,east,2495.0
38586,pink morsel,5.0,431,2021-11-15,east,2155.0
38614,pink morsel,5.0,463,2021-11-16,east,2315.0
38642,pink morsel,5.0,458,2021-11-17,east,2290.0
38670,pink morsel,5.0,421,2021-11-18,east,2105.0
38698,pink morsel,5.0,469,2021-11-19,east,2345.0
38726,pink morsel,5.0,492,2021-11-20,east,2460.0
38754,pink morsel,5.0,438,2021-11-21,east,2190.0
38782,pink morsel,5.0,440,2021-11-22,east,2200.0
38810,pink morsel,5.0,456,2021-11-23,east,2280.0
38838,pink morsel,5.0,404,2021-11-24,east,2020.0
38866,pink morsel,5.0,489,2021-11-25,east,2445.0
38894,pink morsel,5.0,403,2021-11-26,east,2015.0
38922,pink morsel,5.0,429,2021-11-27,east,2145.0
38950,pink morsel,5.0,478,2021-11-28,east,2390.0
38978,pink morsel,5.0,434,2021-11-29,east,2170.0
39006,pink morsel,5.0,496,2021-11-30,east,2480.0
39034,pink morsel,5.0,420,2021-12-01,east,2100.0
39062,pink morsel,5.0,492,2021-12-02,east,2460.0
39090,pink morsel,5.0,425,2021-12-03,east,2125.0
39118,pink morsel,5.0,401,2021-12-04,east,2005.0
39146,pink morsel,5.0,438,2021-12-05,east,2190.0
39174,pink morsel,5.0,440,2021-12-06,east,2200.0
39202,pink morsel,5.0,460,2021-12-07,east,2300.0
39230,pink morsel,5.0,475,2021-12-08,east,2375.0
39258,pink morsel,5.0,467,2021-12-09,east,2335.0
39286,pink morsel,5.0,480,2021-12-10,east,2400.0
39314,pink morsel,5.0,487,2021-12-11,east,2435.0
39342,pink morsel,5.0,447,2021-12-12,east,2235.0
39370,pink morsel,5.0,422,2021-12-13,east,2110.0
39398,pink morsel,5.0,474,2021-12-14,east,2370.0
