data/daily_sales_data.csv
,product,price,quantity,date,region,sales
29179,pink morsel,3.0,589,2020-12-14,west,1767.0
29207,pink morsel,3.0,532,2020-12-15,west,1596.0
29235,pink morsel,3.0,538,2020-12-16,west,1614.0
29263,pink morsel,3.0,579,2020-12-17,west,1737.0
29291,pink morsel,3.0,551,2020-12-18,west,1653.0
29319,pink morsel,3.0,550,2020-12-19,west,1650.0
29347,pink morsel,3.0,521,2020-12-20,west,1563.0
29375,pink morsel,3.0,562,2020-12-21,west,1686.0
29403,pink morsel,3.0,522,2020-12-22,west,1566.0
29431,pink morsel,3.0,557,2020-12-23,west,1671.0
29459,pink morsel,3.0,556,2020-12-24,west,1668.0
29487,pink morsel,3.0,521,2020-12-25,west,1563.0
29515,pink morsel,3.0,579,2020-12-26,west,1737.0
29543,pink morsel,3.0,508,2020-12-27,west,1524.0
29571,pink morsel,3.0,561,2020-12-28,west,1683.0
29599,pink morsel,3.0,589,2020-12-29,west,1767.0
29627,pink morsel,3.0,597,2020-12-30,west,1791.0
29655,pink morsel,3.0,550,2020-12-31,west,1650.0
29683,pink morsel,3.0,584,2021-01-01,west,1752.0
29711,pink morsel,3.0,501,2021-01-02,west,1503.0
29739,pink morsel,3.0,574,2021-01-03,west,1722.0
29767,pink morsel,3.0,562,2021-01-04,west,1686.0
29795,pink morsel,3.0,536,2021-01-05,west,1608.0
29823,pink morsel,3.0,596,2021-01-06,west,1788.0
29851,pink morsel,3.0,599,2021-01-07,west,1797.0
29879,pink morsel,3.0,507,2021-01-08,west,1521.0
29907,pink morsel,3.0,551,2021-01-09,west,1653.0
29935,pink morsel,3.0,515,2021-01-10,west,1545.0
29963,pink morsel,3.0,542,2021-01-11,west,1626.0
29991,pink morsel,3.0,535,2021-01-12,west,1605.0
30019,pink morsel,3.0,560,2021-01-13,west,1680.0
30047,pink morsel,3.0,530,2021-01-14,west,1590.0
30075,pink morsel,5.0,479,2021-01-15,west,2395.0
30103,pink morsel,5.0,478,2021-01-16,west,2390.0
30131,pink morsel,5.0,418,2021-01-17,west,2090.0
30159,pink morsel,5.0,465,2021-01-18,west,2325.0
30187,pink morsel,5.0,484,2021-01-19,west,2420.0
30215,pink morsel,5.0,481,2021-01-20,west,2405.0
30243,pink morsel,5.0,466,2021-01-21,west,2330.0
30271,pink morsel,5.0,476,2021-01-22,west,2380.0
30299,pink morsel,5.0,435,2021-01-23,west,2175.0
30327,pink morsel,5.0,417,2021-01-24,west,2085.0
30355,pink morsel,5.0,432,2021-01-25,west,2160.0
30383,pink morsel,5.0,469,2021-01-26,west,2345.0
30411,pink morsel,5.0,404,2021-01-27,west,2020.0
30439,pink morsel,5.0,401,2021-01-28,west,2005.0
30467,pink morsel,5.0,419,2021-01-29,west,2095.0
30495,pink morsel,5.0,433,2021-01-30,west,2165.0
30523,pink morsel,5.0,429,2021-01-31,west,2145.0
30551,pink morsel,5.0,423,2021-02-01,west,2115.0
30579,pink morsel,5.0,443,2021-02-02,west,2215.0
30607,pink morsel,5.0,448,2021-02-03,west,2240.0
30635,pink morsel,5.0,424,2021-02-04,west,2120.0
30663,pink morsel,5.0,410,2021-02-05,west,2050.0
30691,pink morsel,5.0,440,2021-02-06,west,2200.0
30719,pink morsel,5.0,402,2021-02-07,west,2010.0
30747,pink morsel,5.0,450,2021-02-08,west,2250.0
30775,pink morsel,5.0,452,2021-02-09,west,2260.0
30803,pink morsel,5.0,429,2021-02-10,west,2145.0
30831,pink morsel,5.0,432,2021-02-11,west,2160.0
30859,pink morsel,5.0,426,2021-02-12,west,2130.0
30887,pink morsel,5.0,497,2021-02-13,west,2485.0
30915,pink morsel,5.0,475,2021-02-14,west,2375.0
30943,pink morsel,5.0,435,2021-02-15,west,2175.0
30971,pink morsel,5.0,493,2021-02-16,west,2465.0
30999,pink morsel,5.0,494,2021-02-17,west,2470.0
31027,pink morsel,5.0,448,2021-02-18,west,2240.0
31055,pink morsel,5.0,409,2021-02-19,west,2045.0
31083,pink morsel,5.0,480,2021-02-20,west,2400.0
31111,pink morsel,5.0,489,2021-02-21,west,2445.0
31139,pink morsel,5.0,428,2021-02-22,west,2140.0
31167,pink morsel,5.0,476,2021-02-23,west,2380.0
31195,pink morsel,5.0,409,2021-02-24,west,2045.0
31223,pink morsel,5.0,407,2021-02-25,west,2035.0
31251,pink morsel,5.0,463,2021-02-26,west,2315.0
31279,pink morsel,5.0,461,2021-02-27,west,2305.0
31307,pink morsel,5.0,431,2021-02-28,west,2155.0
31335,pink morsel,5.0,449,2021-03-01,west,2245.0
31363,pink morsel,5.0,445,2021-03-02,west,2225.0
31391,pink morsel,5.0,476,2021-03-03,west,2380.0
31419,pink morsel,5.0,407,2021-03-04,west,2035.0
31447,pink morsel,5.0,401,2021-03-05,west,2005.0
31475,pink morsel,5.0,438,2021-03-06,west,2190.0
31503,pink morsel,5.0,485,2021-03-07,west,2425.0
31531,pink morsel,5.0,479,2021-03-08,west,2395.0
31559,pink morsel,5.0,473,2021-03-09,west,2365.0
31587,pink morsel,5.0,454,2021-03-10,west,2270.0
31615,pink morsel,5.0,434,2021-03-11,west,2170.0
31643,pink morsel,5.0,480,2021-03-12,west,2400.0
31671,pink morsel,5.0,420,2021-03-13,west,2100.0
31699,pink morsel,5.0,468,2021-03-14,west,2340.0
31727,pink morsel,5.0,442,2021-03-15,west,2210.0
31755,pink morsel,5.0,496,2021-03-16,west,2480.0
31783,pink morsel,5.0,453,2021-03-17,west,2265.0
31811,pink morsel,5.0,415,2021-03-18,west,2075.0
31839,pink morsel,5.0,444,2021-03-19,west,2220.0
31867,pink morsel,5.0,468,2021-03-20,west,2340.0
31895,pink morsel,5.0,498,2021-03-21,west,2490.0
31923,pink morsel,5.0,463,2021-03-22,west,2315.0
31951,pink morsel,5.0,401,2021-03-23,west,2005.0
31979,pink morsel,5.0,479,2021-03-24,west,2395.0
32007,pink morsel,5.0,473,2021-03-25,west,2365.0
32035,pink morsel,5.0,445,2021-03-26,west,2225.0
32063,pink morsel,5.0,417,2021-03-27,west,2085.0
32091,pink morsel,5.0,482,2021-03-28,west,2410.0
32119,pink morsel,5.0,453,2021-03-29,west,2265.0
32147,pink morsel,5.0,407,2021-03-30,west,2035.0
32175,pink morsel,5.0,421,2021-03-31,west,2105.0
32203,pink morsel,5.0,499,2021-04-01,west,2495.0
32231,pink morsel,5.0,465,2021-04-02,west,2325.0
32259,pink morsel,5.0,466,2021-04-03,west,2330.0
32287,pink morsel,5.0,471,2021-04-04,west,2355.0
32315,pink morsel,5.0,443,2021-04-05,west,2215.0
32343,pink morsel,5.0,452,2021-04-06,west,2260.0
32371,pink morsel,5.0,414,2021-04-07,west,2070.0
32399,pink morsel,5.0,408,2021-04-08,west,2040.0
32427,pink morsel,5.0,490,2021-04-09,west,2450.0
32455,pink morsel,5.0,459,2021-04-10,west,2295.0
32483,pink morsel,5.0,430,2021-04-11,west,2150.0
32511,pink morsel,5.0,461,2021-04-12,west,2305.0
32539,pink morsel,5.0,465,2021-04-13,west,2325.0
32567,pink morsel,5.0,417,2021-04-14,west,2085.0
32595,pink morsel,5.0,464,2021-04-15,west,2320.0
32623,pink morsel,5.0,476,2021-04-16,west,2380.0
32651,pink morsel,5.0,479,2021-04-17,west,2395.0
32679,pink morsel,5.0,453,2021-04-18,west,2265.0
32707,pink morsel,5.0,484,2021-04-19,west,2420.0
32735,pink morsel,5.0,479,2021-04-20,west,2395.0
32763,pink morsel,5.0,466,2021-04-21,west,2330.0
32791,pink morsel,5.0,454,2021-04-22,west,2270.0
32819,pink morsel,5.0,452,2021-04-23,west,2260.0
32847,pink morsel,5.0,404,2021-04-24,west,2020.0
32875,pink morsel,5.0,460,2021-04-25,west,2300.0
32903,pink morsel,5.0,423,2021-04-26,west,2115.0
32931,pink morsel,5.0,449,2021-04-27,west,2245.0
32959,pink morsel,5.0,423,2021-04-28,west,2115.0
32987,pink morsel,5.0,435,2021-04-29,west,2175.0
33015,pink morsel,5.0,433,2021-04-30,west,2165.0
33043,pink morsel,5.0,464,2021-05-01,west,2320.0
33071,pink morsel,5.0,452,2021-05-02,west,2260.0
33099,pink morsel,5.0,418,2021-05-03,west,2090.0
33127,pink morsel,5.0,413,2021-05-04,west,2065.0
33155,pink morsel,5.0,459,2021-05-05,west,2295.0
33183,pink morsel,5.0,446,2021-05-06,west,2230.0
33211,pink morsel,5.0,476,2021-05-07,west,2380.0
33239,pink morsel,5.0,409,2021-05-08,west,2045.0
33267,pink morsel,5.0,477,2021-05-09,west,2385.0
33295,pink morsel,5.0,480,2021-05-10,west,2400.0
33323,pink morsel,5.0,438,2021-05-11,west,2190.0
33351,pink morsel,5.0,491,2021-05-12,west,2455.0
33379,pink morsel,5.0,464,2021-05-13,west,2320.0
33407,pink morsel,5.0,438,2021-05-14,west,2190.0
33435,pink morsel,5.0,478,2021-05-15,west,2390.0
33463,pink morsel,5.0,411,2021-05-16,west,2055.0
33491,pink morsel,5.0,451,2021-05-17,west,2255.0
33519,pink morsel,5.0,483,2021-05-18,west,2415.0
33547,pink morsel,5.0,404,2021-05-19,west,2020.0
33575,pink morsel,5.0,460,2021-05-20,west,2300.0
33603,pink morsel,5.0,496,2021-05-21,west,2480.0
33631,pink morsel,5.0,482,2021-05-22,west,2410.0
33659,pink morsel,5.0,448,2021-05-23,west,2240.0
33687,pink morsel,5.0,415,2021-05-24,west,2075.0
33715,pink morsel,5.0,401,2021-05-25,west,2005.0
33743,pink morsel,5.0,417,2021-05-26,west,2085.0
33771,pink morsel,5.0,432,2021-05-27,west,2160.0
33799,pink morsel,5.0,441,2021-05-28,west,2205.0
33827,pink morsel,5.0,423,2021-05-29,west,2115.0
33855,pink morsel,5.0,462,2021-05-30,west,2310.0
33883,pink morsel,5.0,426,2021-05-31,west,2130.0
33911,pink morsel,5.0,443,2021-06-01,west,2215.0
33939,pink morsel,5.0,403,2021-06-02,west,2015.0
33967,pink morsel,5.0,460,2021-06-03,west,2300.0
33995,pink morsel,5.0,460,2021-06-04,west,2300.0
34023,pink morsel,5.0,417,2021-06-05,west,2085.0
34051,pink morsel,5.0,449,2021-06-06,west,2245.0
34079,pink morsel,5.0,414,2021-06-07,west,2070.0
34107,pink morsel,5.0,424,2021-06-08,west,2120.0
34135,pink morsel,5.0,466,2021-06-09,west,2330.0
34163,pink morsel,5.0,481,2021-06-10,west,2405.0
34191,pink morsel,5.0,470,2021-06-11,west,2350.0
34219,pink morsel,5.0,473,2021-06-12,west,2365.0
34247,pink morsel,5.0,456,2021-06-13,west,2280.0
34275,pink morsel,5.0,457,2021-06-14,west,2285.0
34303,pink morsel,5.0,417,2021-06-15,west,2085.0
34331,pink morsel,5.0,464,2021-06-16,west,2320.0
34359,pink morsel,5.0,424,2021-06-17,west,2120.0
34387,pink morsel,5.0,430,2021-06-18,west,2150.0
34415,pink morsel,5.0,405,2021-06-19,west,2025.0
34443,pink morsel,5.0,432,2021-06-20,west,2160.0
34471,pink morsel,5.0,458,2021-06-21,west,2290.0
34499,pink morsel,5.0,454,2021-06-22,west,2270.0
34527,pink morsel,5.0,485,2021-06-23,west,2425.0
34555,pink morsel,5.0,411,2021-06-24,west,2055.0
34583,pink morsel,5.0,462,2021-06-25,west,2310.0
34611,pink morsel,5.0,410,2021-06-26,west,2050.0
34639,pink morsel,5.0,404,2021-06-27,west,2020.0
34667,pink morsel,5.0,409,2021-06-28,west,2045.0
34695,pink morsel,5.0,497,2021-06-29,west,2485.0
34723,pink morsel,5.0,432,2021-06-30,west,2160.0
34751,pink morsel,5.0,453,2021-07-01,west,2265.0
34779,pink morsel,5.0,489,2021-07-02,west,2445.0
34807,pink morsel,5.0,483,2021-07-03,west,2415.0
34835,pink morsel,5.0,479,2021-07-04,west,2395.0
34863,pink morsel,5.0,402,2021-07-05,west,2010.0
34891,pink morsel,5.0,435,2021-07-06,west,2175.0
34919,pink morsel,5.0,424,2021-07-07,west,2120.0
34947,pink morsel,5.0,416,2021-07-08,west,2080.0
34975,pink morsel,5.0,434,2021-07-09,west,2170.0
35003,pink morsel,5.0,452,2021-07-10,west,2260.0
35031,pink morsel,5.0,479,2021-07-11,west,2395.0
35059,pink morsel,5.0,402,2021-07-12,west,2010.0
35087,pink morsel,5.0,404,2021-07-13,west,2020.0
35115,pink morsel,5.0,409,2021-07-14,west,2045.0
35143,pink morsel,5.0,461,2021-07-15,west,2305.0
35171,pink morsel,5.0,431,2021-07-16,west,2155.0
35199,pink morsel,5.0,446,2021-07-17,west,2230.0
35227,pink morsel,5.0,477,2021-07-18,west,2385.0
35255,pink morsel,5.0,441,2021-07-19,west,2205.0
35283,pink morsel,5.0,478,2021-07-20,west,2390.0
35311,pink morsel,5.0,461,2021-07-21,west,2305.0
35339,pink morsel,5.0,490,2021-07-22,west,2450.0
35367,pink morsel,5.0,415,2021-07-23,west,2075.0
35395,pink morsel,5.0,425,2021-07-24,west,2125.0
35423,pink morsel,5.0,456,2021-07-25,west,2280.0
35451,pink morsel,5.0,458,2021-07-26,west,2290.0
35479,pink morsel,5.0,490,2021-07-27,west,2450.0
35507,pink morsel,5.0,485,2021-07-28,west,2425.0
35535,pink morsel,5.0,472,2021-07-29,west,2360.0
35563,pink morsel,5.0,449,2021-07-30,west,2245.0
35591,pink morsel,5.0,429,2021-07-31,west,2145.0
35619,pink morsel,5.0,433,2021-08-01,west,2165.0
35647,pink morsel,5.0,498,2021-08-02,west,2490.0
35675,pink morsel,5.0,463,2021-08-03,west,2315.0
35703,pink morsel,5.0,402,2021-08-04,west,2010.0
35731,pink morsel,5.0,413,2021-08-05,west,2065.0
35759,pink morsel,5.0,459,2021-08-06,west,2295.0
35787,pink morsel,5.0,483,2021-08-07,west,2415.0
35815,pink morsel,5.0,480,2021-08-08,west,2400.0
35843,pink morsel,5.0,412,2021-08-09,west,2060.0
35871,pink morsel,5.0,475,2021-08-10,west,2375.0
35899,pink morsel,5.0,416,2021-08-11,west,2080.0
35927,pink morsel,5.0,414,2021-08-12,west,2070.0
35955,pink morsel,5.0,485,2021-08-13,west,2425.0
35983,pink morsel,5.0,404,2021-08-14,west,2020.0
36011,pink morsel,5.0,497,2021-08-15,west,2485.0
36039,pink morsel,5.0,427,2021-08-16,west,2135.0
36067,pink morsel,5.0,435,2021-08-17,west,2175.0
36095,pink morsel,5.0,489,2021-08-18,west,2445.0
36123,pink morsel,5.0,499,2021-08-19,west,2495.0
36151,pink morsel,5.0,434,2021-08-20,west,2170.0
36179,pink morsel,5.0,498,2021-08-21,west,2490.0
36207,pink morsel,5.0,495,2021-08-22,west,2475.0
36235,pink morsel,5.0,431,2021-08-23,west,2155.0
36263,pink morsel,5.0,406,2021-08-24,west,2030.0
36291,pink morsel,5.0,430,2021-08-25,west,2150.0
36319,pink morsel,5.0,430,2021-08-26,west,2150.0
36347,pink morsel,5.0,409,2021-08-27,west,2045.0
36375,pink morsel,5.0,488,2021-08-28,west,2440.0
36403,pink morsel,5.0,473,2021-08-29,west,2365.0
36431,pink morsel,5.0,460,2021-08-30,west,2300.0
36459,pink morsel,5.0,436,2021-08-31,west,2180.0
36487,pink morsel,5.0,499,2021-09-01,west,2495.0
36515,pink morsel,5.0,480,2021-09-02,west,2400.0
36543,pink morsel,5.0,454,2021-09-03,west,2270.0
36571,pink morsel,5.0,427,2021-09-04,west,2135.0
36599,pink morsel,5.0,451,2021-09-05,west,2255.0
36627,pink morsel,5.0,460,2021-09-06,west,2300.0
36655,pink morsel,5.0,467,2021-09-07,west,2335.0
36683,pink morsel,5.0,496,2021-09-08,west,2480.0
36711,pink morsel,5.0,449,2021-09-09,west,2245.0
36739,pink morsel,5.0,475,2021-09-10,west,2375.0
36767,pink morsel,5.0,459,2021-09-11,west,2295.0
36795,pink morsel,5.0,441,2021-09-12,west,2205.0
36823,pink morsel,5.0,483,2021-09-13,west,2415.0
36851,pink morsel,5.0,442,2021-09-14,west,2210.0
36879,pink morsel,5.0,453,2021-09-15,west,2265.0
36907,pink morsel,5.0,491,2021-09-16,west,2455.0
36935,pink morsel,5.0,454,2021-09-17,west,2270.0
36963,pink morsel,5.0,458,2021-09-18,west,2290.0
36991,pink morsel,5.0,435,2021-09-19,west,2175.0
37019,pink morsel,5.0,445,2021-09-20,west,2225.0
37047,pink morsel,5.0,459,2021-09-21,west,2295.0
37075,pink morsel,5.0,424,2021-09-22,west,2120.0
37103,pink morsel,5.0,495,2021-09-23,west,2475.0
37131,pink morsel,5.0,482,2021-09-24,west,2410.0
37159,pink morsel,5.0,480,2021-09-25,west,2400.0
37187,pink morsel,5.0,440,2021-09-26,west,2200.0
37215,pink morsel,5.0,423,2021-09-27,west,2115.0
37243,pink morsel,5.0,423,2021-09-28,west,2115.0
37271,pink morsel,5.0,448,2021-09-29,west,2240.0
37299,pink morsel,5.0,485,2021-09-30,west,2425.0
37327,pink morsel,5.0,472,2021-10-01,west,2360.0
37355,pink morsel,5.0,447,2021-10-02,west,2235.0
37383,pink morsel,5.0,433,2021-10-03,west,2165.0
37411,pink morsel,5.0,459,2021-10-04,west,2295.0
37439,pink morsel,5.0,400,2021-10-05,west,2000.0
37467,pink morsel,5.0,481,2021-10-06,west,2405.0
37495,pink morsel,5.0,454,2021-10-07,west,2270.0
37523,pink morsel,5.0,409,2021-10-08,west,2045.0
37551,pink morsel,5.0,405,2021-10-09,west,2025.0
37579,pink morsel,5.0,492,2021-10-10,west,2460.0
37607,pink morsel,5.0,441,2021-10-11,west,2205.0
37635,pink morsel,5.0,401,2021-10-12,west,2005.0
37663,pink morsel,5.0,482,2021-10-13,west,2410.0
37691,pink morsel,5.0,455,2021-10-14,west,2275.0
37719,pink morsel,5.0,418,2021-10-15,west,2090.0
37747,pink morsel,5.0,418,2021-10-16,west,2090.0
37775,pink morsel,5.0,490,2021-10-17,west,2450.0
37803,pink morsel,5.0,405,2021-10-18,west,2025.0
37831,pink morsel,5.0,479,2021-10-19,west,2395.0
37859,pink morsel,5.0,476,2021-10-20,west,2380.0
37887,pink morsel,5.0,423,2021-10-21,west,2115.0
37915,pink morsel,5.0,469,2021-10-22,west,2345.0
37943,pink morsel,5.0,470,2021-10-23,west,2350.0
37971,pink morsel,5.0,450,2021-10-24,west,2250.0
37999,pink morsel,5.0,454,2021-10-25,west,2270.0
38027,pink morsel,5.0,444,2021-10-26,west,2220.0
38055,pink morsel,5.0,418,2021-10-27,west,2090.0
38083,pink morsel,5.0,460,2021-10-28,west,2300.0
38111,pink morsel,5.0,407,2021-10-29,west,2035.0
38139,pink morsel,5.0,494,2021-10-30,west,2470.0
38167,pink morsel,5.0,424,2021-10-31,west,2120.0
38195,pink morsel,5.0,471,2021-11-01,west,2355.0
38223,pink morsel,5.0,405,2021-11-02,west,2025.0
38251,pink morsel,5.0,457,2021-11-03,west,2285.0
38279,pink morsel,5.0,417,2021-11-04,west,2085.0
38307,pink morsel,5.0,441,2021-11-05,west,2205.0
38335,pink morsel,5.0,413,2021-11-06,west,2065.0
38363,pink morsel,5.0,455,2021-11-07,west,2275.0
38391,pink morsel,5.0,452,2021-11-08,west,2260.0
38419,pink morsel,5.0,450,2021-11-09,west,2250.0
38447,pink morsel,5.0,473,2021-11-10,west,2365.0
38475,pink morsel,5.0,489,2021-11-11,west,2445.0
38503,pink morsel,5.0,498,2021-11-12,west,2490.0
38531,pink morsel,5.0,457,2021-11-13,west,2285.0
38559,pink morsel,5.0,497,2021-11-14,west,2485.0
38587,pink morsel,5.0,499,2021-11-15,west,2495.0
38615,pink morsel,5.0,460,2021-11-16,west,2300.0
38643,pink morsel,5.0,405,2021-11-17,west,2025.0
38671,pink morsel,5.0,449,2021-11-18,west,2245.0
38699,pink morsel,5.0,487,2021-11-19,west,2435.0
38727,pink morsel,5.0,408,2021-11-20,west,2040.0
38755,pink morsel,5.0,473,2021-11-21,west,2365.0
38783,pink morsel,5.0,415,2021-11-22,west,2075.0
38811,pink morsel,5.0,444,2021-11-23,west,2220.0
38839,pink morsel,5.0,412,2021-11-24,west,2060.0
38867,pink morsel,5.0,457,2021-11-25,west,2285.0
38895,pink morsel,5.0,414,2021-11-26,west,2070.0
38923,pink morsel,5.0,474,2021-11-27,west,2370.0
38951,pink morsel,5.0,500,2021-11-28,west,2500.0
38979,pink morsel,5.0,455,2021-11-29,west,2275.0
39007,pink morsel,5.0,478,2021-11-30,west,2390.0
39035,pink morsel,5.0,421,2021-12-01,west,2105.0
39063,pink morsel,5.0,440,2021-12-02,west,2200.0
39091,pink morsel,5.0,449,2021-12-03,west,2245.0
39119,pink morsel,5.0,491,2021-12-04,west,2455.0
39147,pink morsel,5.0,453,2021-12-05,west,2265.0
39175,pink morsel,5.0,440,2021-12-06,west,2200.0
39203,pink morsel,5.0,480,2021-12-07,west,2400.0
39231,pink morsel,5.0,416,2021-12-08,west,2080.0
39259,pink morsel,5.0,413,2021-12-09,west,2065.0
39287,pink morsel,5.0,461,2021-12-10,west,2305.0
39315,pink morsel,5.0,433,2021-12-11,west,2165.0
39343,pink morsel,5.0,459,2021-12-12,west,2295.0
39371,pink morsel,5.0,436,2021-12-13,west,2180.0
